12-28 16:00:25.394  3724  3724 D Launcher.CellLayout: touch item:ShortcutInfo, id=281, itemType=0, user=UserHandle{0}, mIconType=0, pkgName=com.android.todolist, className=com.android.todolist.MainActivity, screenId=3, container=-100, cellX=3, cellY=4, spanX=1, spanY=1, isLandscapePos=false
12-28 16:00:25.736  3724  3724 D Launcher.CellLayout: updateCellOccupiedMarks, remove, ShortcutInfo, id=281, itemType=0, user=UserHandle{0}, mIconType=0, pkgName=com.android.todolist, className=com.android.todolist.MainActivity, screenId=3, container=-100, cellX=3, cellY=4, spanX=1, spanY=1, isLandscapePos=false
12-28 16:00:25.738  3724  3724 D Launcher_DragView: new DragView:ShortcutInfo, id=281, itemType=0, user=UserHandle{0}, mIconType=0, pkgName=com.android.todolist, className=com.android.todolist.MainActivity
12-28 16:00:25.754  3724  3724 D Launcher.CellLayout: updateCellOccupiedMarks, remove, ShortcutInfo, id=281, itemType=0, user=UserHandle{0}, mIconType=0, pkgName=com.android.todolist, className=com.android.todolist.MainActivity, screenId=3, container=-100, cellX=3, cellY=4, spanX=1, spanY=1, isLandscapePos=false
12-28 16:00:26.323  3724  3724 D Launcher.ShortcutMenu: hide ShortcutMenu, pkgName=com.android.todolist, reason=drag_over_threshold
12-28 16:00:27.031  3724  3724 D Launcher.DragController: drop, from=ShortcutInfo, id=281, itemType=0, user=UserHandle{0}, mIconType=0, pkgName=com.android.todolist, className=com.android.todolist.MainActivity, screenId=3, container=-100, cellX=3, cellY=4, spanX=1, spanY=1, isLandscapePos=false
12-28 16:00:27.073  3724  3724 W System.err: android.content.pm.PackageManager$NameNotFoundException: com.android.todolist
12-28 16:00:27.084  3724  3724 D Launcher.DragController: drop succeed, to ShortcutInfo, id=281, itemType=0, user=UserHandle{0}, mIconType=0, pkgName=com.android.todolist, className=com.android.todolist.MainActivity, screenId=3, container=-100, cellX=3, cellY=4, spanX=1, spanY=1, isLandscapePos=false
12-28 16:00:28.682  3724  3724 W System.err: android.content.pm.PackageManager$NameNotFoundException: com.android.todolist
12-28 16:00:28.691  3724  3949 D Launcher.Model: Got broadcast:Intent { act=android.intent.action.PACKAGE_REMOVED dat=package:com.android.todolist (has extras) }
12-28 16:00:28.695  1662  1812 I ActivityManager: Force stopping com.android.todolist appid=10373 user=0: deletePackageX
12-28 16:00:28.700  3724  3949 D Launcher.LauncherUtils: android.content.pm.PackageManager$NameNotFoundException: com.android.todolist
12-28 16:00:28.700  3724  3949 D Launcher.LauncherUtils: app(com.android.todolist|UserHandle{0}) isDisable=false, backupProcessingPkg=null
12-28 16:00:28.701  3724  3949 D Launcher.LauncherUtils: android.content.pm.PackageManager$NameNotFoundException: com.android.todolist
12-28 16:00:28.720  3724  3949 D AutoInstallsParser: isPAIPackageName: com.android.todolist
12-28 16:00:28.734  3724  3949 D Launcher.Model: onReceiveBackground, mAllAppsList=add=[], remove=[(0, AppInfo, id=-1, itemType=0, user=UserHandle{0}, mIconType=0, pkgName=com.android.todolist, className=com.android.todolist.MainActivity, screenId=-1, container=-1, cellX=-1, cellY=-1, spanX=1, spanY=1, isLandscapePos=false)], modified=[]
12-28 16:00:28.747  3724  3724 D Launcher: remove icon when bind apps removed:ShortcutInfo, id=281, itemType=0, user=UserHandle{0}, mIconType=0, pkgName=com.android.todolist, className=com.android.todolist.MainActivity, screenId=3, container=-100, cellX=3, cellY=4, spanX=1, spanY=1, isLandscapePos=false
12-28 16:00:28.749  3724  3724 D Launcher: removeShortcutIcon, info=(ShortcutInfo, id=281, itemType=0, user=UserHandle{0}, mIconType=0, pkgName=com.android.todolist, className=com.android.todolist.MainActivity, screenId=3, container=-100, cellX=3, cellY=4, spanX=1, spanY=1, isLandscapePos=false), addedLater=false, removeFromDB=true
12-28 16:00:28.749  3724  3724 D Launcher.Model: deleteItemFromDatabase, item=ShortcutInfo, id=281, itemType=0, user=UserHandle{0}, mIconType=0, pkgName=com.android.todolist, className=com.android.todolist.MainActivity, screenId=3, container=-100, cellX=3, cellY=4, spanX=1, spanY=1, isLandscapePos=false
12-28 16:00:29.169  1662  1860 I ActivityManager: Force stopping com.android.todolist appid=10373 user=0: pkg removed
12-28 16:00:29.185  5239  5239 I GsaVoiceInteractionSrv: O received Intent { act=android.intent.action.PACKAGE_REMOVED dat=package:com.android.todolist flg=0x4000010 (has extras) }
12-28 16:00:29.195  3724  3933 E InstallApkReceiver: uninstall:package:com.android.todolist
12-28 16:00:29.208  1662  1812 W BroadcastQueue: Background execution not allowed: receiving Intent { act=android.intent.action.PACKAGE_REMOVED dat=package:com.android.todolist flg=0x4000010 (has extras) } to com.lbe.security.miui/com.lbe.security.service.BootReceiver
12-28 16:00:29.209 16350 16350 D AggregateListener: onPackageRemoved packageName:com.android.todolist
12-28 16:00:29.219  5291  5602 I BackPackageManager: remove app : key == com.android.todolist&&10373
12-28 16:00:29.234  1662  1791 E PackageManager: failed to find package com.android.todolist
12-28 16:00:29.235  1662  1791 E OverlayManager: Failed to change enabled overlays for com.android.todolist user 0
12-28 16:00:29.239  5327  5327 D RegisteredNxpServicesCache: uninstall packageName:com.android.todolist
12-28 16:00:29.260  1662  1698 W BroadcastQueue: Background execution not allowed: receiving Intent { act=android.intent.action.PACKAGE_REMOVED dat=package:com.android.todolist flg=0x4000010 (has extras) } to com.android.vending/com.google.android.finsky.packagemanager.impl.PackageMonitorReceiverImpl$RegisteredReceiver
12-28 16:00:29.273  1662  1812 W BroadcastQueue: Background execution not allowed: receiving Intent { act=android.intent.action.PACKAGE_REMOVED dat=package:com.android.todolist flg=0x4000010 (has extras) } to com.android.vending/com.google.android.finsky.instantapps.appmanagement.InstantAppRemoveMonitor
12-28 16:00:29.274  1662  1812 W BroadcastQueue: Background execution not allowed: receiving Intent { act=android.intent.action.PACKAGE_REMOVED dat=package:com.android.todolist flg=0x4000010 (has extras) } to com.facebook.services/com.facebook.oxygen.services.fbns.RegisteredMqttSystemBroadcastReceiver
12-28 16:00:29.274  1662  1812 W BroadcastQueue: Background execution not allowed: receiving Intent { act=android.intent.action.PACKAGE_REMOVED dat=package:com.android.todolist flg=0x4000010 (has extras) } to com.google.android.apps.maps/com.google.android.libraries.social.peoplekit.thirdparty.viewcontrollers.ThirdPartyReceiver
12-28 16:00:29.281  1662  1812 W BroadcastQueue: Background execution not allowed: receiving Intent { act=android.intent.action.PACKAGE_REMOVED dat=package:com.android.todolist flg=0x4000010 (has extras) } to com.google.android.gms/.games.chimera.GamesSystemBroadcastReceiverProxy
12-28 16:00:29.282  1662  1812 W BroadcastQueue: Background execution not allowed: receiving Intent { act=android.intent.action.PACKAGE_REMOVED dat=package:com.android.todolist flg=0x4000010 (has extras) } to com.google.android.gms/.chimera.GmsIntentOperationService$PersistentTrustedReceiver
12-28 16:00:29.282  1662  1812 W BroadcastQueue: Background execution not allowed: receiving Intent { act=android.intent.action.PACKAGE_REMOVED dat=package:com.android.todolist flg=0x4000010 (has extras) } to com.google.android.googlequicksearchbox/com.google.android.apps.gsa.googlequicksearchbox.GelStubAppWatcher
12-28 16:00:29.283  1662  1812 W BroadcastQueue: Background execution not allowed: receiving Intent { act=android.intent.action.PACKAGE_REMOVED dat=package:com.android.todolist flg=0x4000010 (has extras) } to com.miui.audioeffect/com.android.musicfx.Compatibility$Receiver
12-28 16:00:29.283  1662  1812 W BroadcastQueue: Background execution not allowed: receiving Intent { act=android.intent.action.PACKAGE_REMOVED dat=package:com.android.todolist flg=0x4000010 (has extras) } to com.xiaomi.discover/com.xiaomi.market.data.MyPackageMonitor
12-28 16:00:29.283  1662  1812 W BroadcastQueue: Background execution not allowed: receiving Intent { act=android.intent.action.PACKAGE_REMOVED dat=package:com.android.todolist flg=0x4000010 (has extras) } to com.xiaomi.glgm/.data.MyPackageMonitor
12-28 16:00:29.283  1662  1812 W BroadcastQueue: Background execution not allowed: receiving Intent { act=android.intent.action.PACKAGE_REMOVED dat=package:com.android.todolist flg=0x4000010 (has extras) } to com.xiaomi.mipicks/com.xiaomi.market.data.MyPackageMonitor
12-28 16:00:29.430  4688 18466 I BlockstoreStorage: Clearing all the Blockstore Data for package com.android.todolist [CONTEXT service_id=258 ]
12-28 16:00:29.538  1662  1662 I ConditionProviders: Disallowing condition provider com.android.todolist
12-28 16:00:29.542  4688 21769 E WorkSourceUtil: Could not find package: com.android.todolist
12-28 16:00:29.557  1662  1812 W XSpaceManagerService: update XSpace App: packageName:com.android.todolist, user:UserHandle{0}, action:android.intent.action.PACKAGE_REMOVED
12-28 16:00:29.557  3724  3724 D Launcher.Model: LauncherAppsCallback onPackageRemoved|com.android.todolist|UserHandle{0}
12-28 16:00:29.557  3724  3949 D Launcher.Model: Got broadcast:Intent { act=android.intent.action.PACKAGE_REMOVED dat=package:com.android.todolist (has extras) }
12-28 16:00:29.558  3724  3949 D AutoInstallsParser: isPAIPackageName: com.android.todolist
12-28 16:00:29.565  4688 18493 I Icing   : doRemovePackageData com.android.todolist
12-28 16:00:29.981  1662  4213 W BroadcastQueue: Background execution not allowed: receiving Intent { act=android.intent.action.PACKAGE_REMOVED dat=package:com.android.todolist flg=0x4000010 (has extras) } to com.xiaomi.xmsf/com.xiaomi.push.service.receivers.PkgUninstallReceiver
12-28 16:00:29.985  1662  1812 W BroadcastQueue: Background execution not allowed: receiving Intent { act=android.intent.action.PACKAGE_REMOVED dat=package:com.android.todolist flg=0x4000010 (has extras) } to com.google.android.apps.photos/com.google.android.libraries.social.peoplekit.thirdparty.viewcontrollers.ThirdPartyReceiver
12-28 16:00:29.985  1662  1812 W BroadcastQueue: Background execution not allowed: receiving Intent { act=android.intent.action.PACKAGE_REMOVED dat=package:com.android.todolist flg=0x4000010 (has extras) } to com.microsoft.office.word/com.microsoft.android.crosssell.PackageStateReceiver
12-28 16:00:29.985  1662  1812 W BroadcastQueue: Background execution not allowed: receiving Intent { act=android.intent.action.PACKAGE_REMOVED dat=package:com.android.todolist flg=0x4000010 (has extras) } to ru.mail.cloud/ru.mail.libverify.utils.PackageStateReceiver
12-28 16:00:29.985  1662  1812 W BroadcastQueue: Background execution not allowed: receiving Intent { act=android.intent.action.PACKAGE_REMOVED dat=package:com.android.todolist flg=0x4000010 (has extras) } to ru.sberbankmobile/com.kavsdk.AppInstallationReceiver
12-28 16:00:31.177 18619 18619 I Finsky  : [2] njy.n(8): Invalidating cached PackageState for com.android.todolist
12-28 16:00:31.178 18619 18619 I Finsky  : [2] njy.s(3): Package no longer installed: com.android.todolist
12-28 16:00:31.246 18619 18619 I Finsky  : [2] njy.s(3): Package no longer installed: com.android.todolist
12-28 16:00:31.249 18619 18712 I Finsky  : [2608] fay.accept(35): Asset module storage cleared for package com.android.todolist.
12-28 16:00:31.299 18619 18663 I Finsky  : [2569] etc.a(5): AIM: AppInfoManager-Perf > OnDeviceAppInfo > cacheHitCount=0, cacheMissCount=1. Missed  in cache (limit 10) : [com.android.todolist]
12-28 16:00:31.491 18619 18619 E Finsky  : [2] qsw.b(5): STU: Failed to get status for package 'com.android.todolist' (1601)
12-28 16:00:31.491 18619 18619 E Finsky  : android.content.pm.PackageManager$NameNotFoundException: com.android.todolist
12-28 16:00:33.685 18721 18781 W System.err: android.content.pm.PackageManager$NameNotFoundException: com.android.todolist
12-28 16:00:35.524 18922 18922 I VSC-AppInstallReceiver: action: android.intent.action.PACKAGE_FULLY_REMOVED, packageName: com.android.todolist
12-28 16:00:38.356  1662  8550 W BroadcastQueueInjector: Unable to launch app com.microsoft.office.word/10301 for broadcast Intent { act=android.intent.action.PACKAGE_FULLY_REMOVED dat=package:com.android.todolist flg=0x5000010 (has extras) }: process is not permitted to  auto start
12-28 16:00:38.364  1662  1812 W BroadcastQueueInjector: Unable to launch app com.microsoft.office.word/10301 for broadcast Intent { act=android.intent.action.PACKAGE_FULLY_REMOVED dat=package:com.android.todolist flg=0x5000010 (has extras) }: process is not permitted to  auto start
12-28 16:00:38.365  1662  1812 W BroadcastQueueInjector: Unable to launch app com.yandex.browser/10188 for broadcast Intent { act=android.intent.action.PACKAGE_FULLY_REMOVED dat=package:com.android.todolist flg=0x5000010 (has extras) }: process is not permitted to  auto start
12-28 16:00:38.365  1662  1812 W BroadcastQueueInjector: Unable to launch app ru.yandex.disk/10186 for broadcast Intent { act=android.intent.action.PACKAGE_FULLY_REMOVED dat=package:com.android.todolist flg=0x5000010 (has extras) }: process is not permitted to  auto start
12-28 16:00:38.365  1662  1812 W BroadcastQueueInjector: Unable to launch app ru.yandex.metro/10183 for broadcast Intent { act=android.intent.action.PACKAGE_FULLY_REMOVED dat=package:com.android.todolist flg=0x5000010 (has extras) }: process is not permitted to  auto start
12-28 16:00:38.366  1662  1812 W BroadcastQueueInjector: Unable to launch app ru.yandex.translate/10361 for broadcast Intent { act=android.intent.action.PACKAGE_FULLY_REMOVED dat=package:com.android.todolist flg=0x5000010 (has extras) }: process is not permitted to  auto start
12-28 16:04:18.885 19530 19549 D IconCustomizer: Generate customized icon for com.android.todolist.png
12-28 16:04:20.831  6060 17420 D PackageVerifyedRecevier: verify package /data/app/vmdl598349520.tmp info:  PackageInfo{9cd84a6 com.android.todolist}
12-28 16:04:20.940 18619 18619 I Finsky  : [2] vnp.c(6): Install-time verification requested for package com.android.todolist, id = 1
12-28 16:04:21.583 18619 19587 I Finsky  : [2651] vqk.c(3): Verify: Verification package=com.android.todolist, id=1 response=0
12-28 16:04:21.636 18619 18619 I Finsky  : [2] VerifyInstallTask.mD(6): Verification complete: id=1, package_name=com.android.todolist
12-28 16:04:21.822  1662  1860 I InstallationStatistic: com.android.todolist|null|4069|267|37|2781|696|0
12-28 16:04:21.843  1662  3341 I MiuiCompatModePackages: package com.android.todolist updated, removing config
12-28 16:04:21.850  3724  3933 E InstallApkReceiver: install:package:com.android.todolist
12-28 16:04:21.856  6060  6567 D AppInstalledReceiver: packageName: com.android.todolist
12-28 16:04:21.856  6574  6574 I WakePathManager: PackageMonitor. onPackageAdded: packageName =com.android.todolist
12-28 16:04:21.857  5239  5239 I GsaVoiceInteractionSrv: O received Intent { act=android.intent.action.PACKAGE_ADDED dat=package:com.android.todolist flg=0x4000010 (has extras) }
12-28 16:04:21.887  6060  6060 I InstalledAppMonitor: com.android.todolistonReceive add pkg=com.android.todolist
12-28 16:04:21.889 18619 18619 I Finsky  : [2] njy.n(8): Invalidating cached PackageState for com.android.todolist
12-28 16:04:21.915  6060  6060 D AppCompatStateReceiver: AppCompatStateReceiver package_name=com.android.todolist,app_status=0
12-28 16:04:21.916  1662  1812 W BroadcastQueue: Background execution not allowed: receiving Intent { act=android.intent.action.PACKAGE_ADDED dat=package:com.android.todolist flg=0x4000010 (has extras) } to com.lbe.security.miui/com.lbe.security.service.BootReceiver
12-28 16:04:21.916  1662  1812 W BroadcastQueue: Background execution not allowed: receiving Intent { act=android.intent.action.PACKAGE_ADDED dat=package:com.android.todolist flg=0x4000010 (has extras) } to com.google.android.packageinstaller/com.android.packageinstaller.PackageInstalledReceiver
12-28 16:04:21.917  6060 19597 D AppCompatStateReceiver: json params=[{"pkg":"com.android.todolist","ver":"1"}]
12-28 16:04:21.936  6574 19591 I WakePathManager: request: ["com.skype.raider","com.qrolic.reminderapp1","org.telegram.messenger","com.qrolic.reminderapp","com.shazam.android","com.realtimeboard","de.stocard.stocard","com.sololearn","com.badoo.mobile","com.punicapp.whoosh","com.fbreader","com.teremok.keys","com.playrix.gardenscapes","com.android.todolist","com.whatsapp","com.google.android.apps.docs.editors.sheets","ru.mts.mymts","com.gettaxi.android","com.duolingo","com.huaweioverseas.smarthome","com.mapswithme.maps.pro","ru.yandex.translate","com.kirson.poliglot16","ru.rostel","us.zoom.videomeetings","sortpuz.water.sort.puzzle.game","com.yclients.widget.g45997","com.xvideostudio.videoeditorpro","com.iqbody.app","net.tandem","com.yandex.mobile.drive","com.mfashiongallery.emag","com.instagram.android","com.pinterest","ru.yandex.disk","ru.yandex.taxi","ru.yandex.uber","com.koushikdutta.vysor","com.roy.royclub","com.apegroup.mcdonaldsrussia","com.miui.android.fashiongallery","ru.mail.cloud","ru.ozon.app.android","com.delivery_shop_5ka24.delivery_shop_5ka","skyeng.words.prod","com.twitter.android","ru.burgerking","ru.yandex.yandexmaps","com.google.android.apps.docs","com.microsoft.office.word","com.northpark.pushups","com.google.android.apps.walletnfcrel","ru.tokyocity.tokyocity","com.lingualeo.android","com.google.chromeremotedesktop","org.stepic.droid","com.zhiliaoapp.musically","com.google.android.apps.photos","ru.yandex.metro","ru.yandex.music","com.perm.kate_new_6","org.benjaminbauer.stagmarin","com.google.android.apps.translate","com.preply","com.avito.android","com.tinder","com.edpanda.words","com.yandex.browser","com.sigen.sigen","ru.hh.android","ru.kinopoisk","com.xiaomi.hm.health","ru.sberbankmobile","com.facemoji.lite.xiaomi","com.adguard.android.contentblocker"]
12-28 16:04:21.939  6060  6970 I GameBoosterNewApp: com.android.todolist isGameFromJson false
12-28 16:04:21.941  6060  6970 I GameBoosterNewApp: com.android.todolist isGameFromLocal false
12-28 16:04:21.947  3902  3902 D ImsResolver: maybeAddedImsService, packageName: com.android.todolist
12-28 16:04:21.955 18619 19610 I Finsky  : [2653] fay.accept(35): Asset module storage cleared for package com.android.todolist.
12-28 16:04:21.977  1662  8357 W BroadcastQueue: Background execution not allowed: receiving Intent { act=android.intent.action.PACKAGE_ADDED dat=package:com.android.todolist flg=0x4000010 (has extras) } to com.android.vending/com.google.android.finsky.packagemanager.impl.PackageMonitorReceiverImpl$RegisteredReceiver
12-28 16:04:21.981  1662  1812 W BroadcastQueue: Background execution not allowed: receiving Intent { act=android.intent.action.PACKAGE_ADDED dat=package:com.android.todolist flg=0x4000010 (has extras) } to com.facebook.appmanager/com.facebook.oxygen.common.packages.event.manifest.ManifestPackageEventReceiver
12-28 16:04:21.982 18619 18671 I Finsky  : [2577] etc.a(5): AIM: AppInfoManager-Perf > OnDeviceAppInfo > cacheHitCount=0, cacheMissCount=1. Missed  in cache (limit 10) : [com.android.todolist]
12-28 16:04:21.983  1662  1812 W BroadcastQueue: Background execution not allowed: receiving Intent { act=android.intent.action.PACKAGE_ADDED dat=package:com.android.todolist flg=0x4000010 (has extras) } to com.google.android.gms/.games.chimera.GamesSystemBroadcastReceiverProxy
12-28 16:04:21.987 18619 18671 I Finsky  : [2577] etc.a(5): AIM: AppInfoManager-Perf > OnDeviceAppInfo > cacheHitCount=0, cacheMissCount=1. Missed  in cache (limit 10) : [com.android.todolist]
12-28 16:04:21.988  1662  1812 W BroadcastQueue: Background execution not allowed: receiving Intent { act=android.intent.action.PACKAGE_ADDED dat=package:com.android.todolist flg=0x4000010 (has extras) } to com.google.android.gms/.gass.chimera.PackageChangeBroadcastReceiver
12-28 16:04:22.020  1662  1812 W BroadcastQueue: Background execution not allowed: receiving Intent { act=android.intent.action.PACKAGE_ADDED dat=package:com.android.todolist flg=0x4000010 (has extras) } to com.google.android.gms/.chimera.GmsIntentOperationService$PersistentTrustedReceiver
12-28 16:04:22.029  3724  3724 D Launcher.Model: LauncherAppsCallback onPackageAdded|com.android.todolist|UserHandle{0}
12-28 16:04:22.030  3724  3949 D Launcher.Model: Got broadcast:Intent { act=android.intent.action.PACKAGE_ADDED dat=package:com.android.todolist (has extras) }
12-28 16:04:22.029  1662  1812 W BroadcastQueue: Background execution not allowed: receiving Intent { act=android.intent.action.PACKAGE_ADDED dat=package:com.android.todolist flg=0x4000010 (has extras) } to com.google.android.googlequicksearchbox/com.google.android.apps.gsa.googlequicksearchbox.GelStubAppWatcher
12-28 16:04:22.032  1662  1812 W XSpaceManagerService: update XSpace App: packageName:com.android.todolist, user:UserHandle{0}, action:android.intent.action.PACKAGE_ADDED
12-28 16:04:22.039  1662  1812 W BroadcastQueue: Background execution not allowed: receiving Intent { act=android.intent.action.PACKAGE_ADDED dat=package:com.android.todolist flg=0x4000010 (has extras) } to com.miui.audioeffect/com.android.musicfx.Compatibility$Receiver
12-28 16:04:22.039  1662  1812 W BroadcastQueue: Background execution not allowed: receiving Intent { act=android.intent.action.PACKAGE_ADDED dat=package:com.android.todolist flg=0x4000010 (has extras) } to com.miui.global.packageinstaller/.AppInstalledReceiver
12-28 16:04:22.039  1662  1812 W BroadcastQueue: Background execution not allowed: receiving Intent { act=android.intent.action.PACKAGE_ADDED dat=package:com.android.todolist flg=0x4000010 (has extras) } to com.xiaomi.discover/com.xiaomi.market.data.MyPackageMonitor
12-28 16:04:22.039  1662  1812 W BroadcastQueue: Background execution not allowed: receiving Intent { act=android.intent.action.PACKAGE_ADDED dat=package:com.android.todolist flg=0x4000010 (has extras) } to com.xiaomi.glgm/.data.MyPackageMonitor
12-28 16:04:22.040  1662  1812 W BroadcastQueue: Background execution not allowed: receiving Intent { act=android.intent.action.PACKAGE_ADDED dat=package:com.android.todolist flg=0x4000010 (has extras) } to com.xiaomi.mipicks/com.xiaomi.market.data.MyPackageMonitor
12-28 16:04:22.047  4078 19570 W GCM     : Unexpected forwarded intent: Intent { act=android.intent.action.PACKAGE_ADDED dat=package:com.android.todolist flg=0x4000010 pkg=com.google.android.gms cmp=com.google.android.gms/.chimera.PersistentIntentOperationService (has extras) }
12-28 16:04:22.051  4688 19616 D IconCustomizer: Generate customized icon for com.android.todolist.png
12-28 16:04:22.053  4078 19570 W GCM     : Unexpected forwarded intent: Intent { act=android.intent.action.PACKAGE_ADDED dat=package:com.android.todolist flg=0x4000010 pkg=com.google.android.gms cmp=com.google.android.gms/.chimera.PersistentIntentOperationService (has extras) }
12-28 16:04:22.058  3724  3949 D IconCustomizer: Generate customized icon for com.android.todolist.png
12-28 16:04:22.065  4078 19571 I FontLog : Package com.android.todolist has no metadata [CONTEXT service_id=132 ]
12-28 16:04:22.066  4688 19623 I BlockstoreStorage: Clearing Blockstore Data for package com.android.todolist [CONTEXT service_id=258 ]
12-28 16:04:22.093  3724  3949 E Launcher.AllAppsList: Can't load postion for packageName: com.android.todolist activityName: com.android.todolist.MainActivity
12-28 16:04:22.102  3724  3949 D AutoInstallsParser: isPAIPackageName: com.android.todolist
12-28 16:04:22.133 18619 18663 D IconCustomizer: Generate customized icon for com.android.todolist.png
12-28 16:04:22.138  3724  3949 D Launcher.Model: onReceiveBackground, mAllAppsList=add=[(0, AppInfo, id=-1, itemType=0, user=UserHandle{0}, mIconType=0, pkgName=com.android.todolist, className=com.android.todolist.MainActivity, screenId=-1, container=-1, cellX=-1, cellY=-1, spanX=1, spanY=1, isLandscapePos=false)], remove=[], modified=[]
12-28 16:04:22.139  3724  3724 D Launcher: add item to launcher when bind apps added, info=ShortcutInfo, id=-1, itemType=0, user=UserHandle{0}, mIconType=0, pkgName=com.android.todolist, className=com.android.todolist.MainActivity, screenId=-1, container=-1, cellX=-1, cellY=-1, spanX=1, spanY=1, isLandscapePos=false
12-28 16:04:22.139  3724  3724 D Launcher: addItemToWorkspace, add item into db, item=ShortcutInfo, id=-1, itemType=0, user=UserHandle{0}, mIconType=0, pkgName=com.android.todolist, className=com.android.todolist.MainActivity, screenId=3, container=-100, cellX=3, cellY=4, spanX=1, spanY=1, isLandscapePos=false
12-28 16:04:22.139  3724  3724 D Launcher.Model: Insert item com.android.todolist to database (3, 4) of screen 3
12-28 16:04:22.139  3724  3949 D Launcher.ShortcutInfo: onAddToDatabase, this=ShortcutInfo, id=285, itemType=0, user=UserHandle{0}, mIconType=0, pkgName=com.android.todolist, className=com.android.todolist.MainActivity, screenId=3, container=-100, cellX=3, cellY=4, spanX=1, spanY=1, isLandscapePos=false
12-28 16:04:22.140  3724  3724 D Launcher.CellLayout: updateCellOccupiedMarks, update, ShortcutInfo, id=285, itemType=0, user=UserHandle{0}, mIconType=0, pkgName=com.android.todolist, className=com.android.todolist.MainActivity, screenId=3, container=-100, cellX=3, cellY=4, spanX=1, spanY=1, isLandscapePos=false
12-28 16:04:22.180  3724  3724 D Launcher.CellLayout: updateCellOccupiedMarks, update, ShortcutInfo, id=285, itemType=0, user=UserHandle{0}, mIconType=0, pkgName=com.android.todolist, className=com.android.todolist.MainActivity, screenId=3, container=-100, cellX=3, cellY=4, spanX=1, spanY=1, isLandscapePos=false
12-28 16:04:22.441  1662  6312 W BroadcastQueue: Background execution not allowed: receiving Intent { act=android.intent.action.PACKAGE_ADDED dat=package:com.android.todolist flg=0x4000010 (has extras) } to com.microsoft.office.word/com.microsoft.android.crosssell.PackageStateReceiver
12-28 16:04:22.443  1662  1812 W BroadcastQueue: Background execution not allowed: receiving Intent { act=android.intent.action.PACKAGE_ADDED dat=package:com.android.todolist flg=0x4000010 (has extras) } to com.zhiliaoapp.musically/com.ss.android.common.applog.HotsoonReceiver
12-28 16:04:22.443  1662  1812 W BroadcastQueue: Background execution not allowed: receiving Intent { act=android.intent.action.PACKAGE_ADDED dat=package:com.android.todolist flg=0x4000010 (has extras) } to ru.sberbankmobile/com.kavsdk.AppInstallationReceiver
12-28 16:04:23.180 19722 19722 I FindDeviceGNReceiver: isReplace: false, packageName: package:com.android.todolist. 
12-28 16:38:39.716  3724  3724 D Launcher.CellLayout: touch item:ShortcutInfo, id=285, itemType=0, user=UserHandle{0}, mIconType=0, pkgName=com.android.todolist, className=com.android.todolist.MainActivity, screenId=3, container=-100, cellX=3, cellY=4, spanX=1, spanY=1, isLandscapePos=false
12-28 16:38:41.841  3724  3724 D Launcher.CellLayout: touch item:ShortcutInfo, id=285, itemType=0, user=UserHandle{0}, mIconType=0, pkgName=com.android.todolist, className=com.android.todolist.MainActivity, screenId=3, container=-100, cellX=3, cellY=4, spanX=1, spanY=1, isLandscapePos=false
12-28 16:38:41.925  1662  6785 I ActivityTaskManager: START u0 {act=android.intent.action.MAIN cat=[android.intent.category.LAUNCHER] flg=0x10200000 cmp=com.android.todolist/.MainActivity bnds=[840,1209][1008,1377] (has extras)} from uid 10035
12-28 16:38:41.943  3724  3724 D Launcher.ShortcutInfo: onAddToDatabase, this=ShortcutInfo, id=285, itemType=0, user=UserHandle{0}, mIconType=0, pkgName=com.android.todolist, className=com.android.todolist.MainActivity, screenId=3, container=-100, cellX=3, cellY=4, spanX=1, spanY=1, isLandscapePos=false
12-28 16:38:41.944  3724  3724 D Launcher.Model: updateItemInDatabase, item=ShortcutInfo, id=285, itemType=0, user=UserHandle{0}, mIconType=0, pkgName=com.android.todolist, className=com.android.todolist.MainActivity, screenId=3, container=-100, cellX=3, cellY=4, spanX=1, spanY=1, isLandscapePos=false
12-28 16:38:41.955 16375 16867 D AppStatChecker: first launch package: com.android.todolist
12-28 16:38:41.993   673   673 D OemNetd : setPidForPackage: packageName=com.android.todolist, pid=21758, pid=10374
12-28 16:38:41.993  1662  1813 I ActivityManager: Start proc 21758:com.android.todolist/u0a374 for activity {com.android.todolist/com.android.todolist.MainActivity} caller=com.miui.home
12-28 16:38:42.005  3424  3424 I ActivityObserver: filling one resumed activity ComponentInfo{com.android.todolist/com.android.todolist.MainActivity}
12-28 16:38:42.049 15484 15537 D AutoInstallService: onForegroundInfoChanged: com.android.todolist
12-28 16:38:42.049 13197 13241 I GST     : forePkg: com.android.todolist, preForePkg: com.miui.home
12-28 16:38:42.049  6060 21668 I ProcessMonitor: onForegroundInfoChanged: ForegroundInfo{mForegroundPackageName='com.android.todolist', mForegroundUid=10374, mForegroundPid=21758, mLastForegroundPackageName='com.miui.home', mLastForegroundUid=10035, mLastForegroundPid=3724, mMultiWindowForegroundPackageName='null', mMultiWindowForegroundUid=-1, mFlags=1}
12-28 16:38:42.049  6060 21668 I GameBoosterService: onForegroundInfoChanged: Cur=com.android.todolist	 last=com.miui.home
12-28 16:38:42.056  6060 21668 D GameBoosterService: onGameStatusChange foreground:ForegroundInfo{mForegroundPackageName='com.android.todolist', mForegroundUid=10374, mForegroundPid=21758, mLastForegroundPackageName='com.miui.home', mLastForegroundUid=10035, mLastForegroundPid=3724, mMultiWindowForegroundPackageName='null', mMultiWindowForegroundUid=-1, mFlags=1}
12-28 16:38:42.286 21758 21815 E Perf    : Fail to get file list com.android.todolist
12-28 16:38:42.286 21758 21815 E Perf    : Fail to get file list com.android.todolist
12-28 16:38:42.355 21758 21758 D ForceDarkHelper: updateByCheckExcludeList: pkg: com.android.todolist activity: com.android.todolist.MainActivity@84ffa37
12-28 16:38:42.357 21758 21758 D ForceDarkHelper: updateByCheckExcludeList: pkg: com.android.todolist activity: com.android.todolist.MainActivity@84ffa37
12-28 16:38:42.361 21758 21758 D ForceDarkHelper: updateByCheckExcludeList: pkg: com.android.todolist activity: com.android.todolist.MainActivity@84ffa37
12-28 16:38:42.363 21758 21758 D ForceDarkHelper: updateByCheckExcludeList: pkg: com.android.todolist activity: com.android.todolist.MainActivity@84ffa37
12-28 16:38:42.365 21758 21758 D ForceDarkHelper: updateByCheckExcludeList: pkg: com.android.todolist activity: com.android.todolist.MainActivity@84ffa37
12-28 16:38:42.375 21758 21758 D ForceDarkHelper: updateByCheckExcludeList: pkg: com.android.todolist activity: com.android.todolist.MainActivity@84ffa37
12-28 16:38:42.383 21758 21758 D ForceDarkHelper: updateByCheckExcludeList: pkg: com.android.todolist activity: com.android.todolist.MainActivity@84ffa37
12-28 16:38:42.384 21758 21758 D ForceDarkHelper: updateByCheckExcludeList: pkg: com.android.todolist activity: com.android.todolist.MainActivity@84ffa37
12-28 16:38:42.403 21758 21758 D ForceDarkHelper: updateByCheckExcludeList: pkg: com.android.todolist activity: com.android.todolist.MainActivity@84ffa37
12-28 16:38:42.418 21758 21758 D ForceDarkHelper: updateByCheckExcludeList: pkg: com.android.todolist activity: com.android.todolist.MainActivity@84ffa37
12-28 16:38:42.430 21758 21758 D ForceDarkHelper: updateByCheckExcludeList: pkg: com.android.todolist activity: com.android.todolist.MainActivity@84ffa37
12-28 16:38:42.446 21758 21758 D ForceDarkHelper: updateByCheckExcludeList: pkg: com.android.todolist activity: com.android.todolist.MainActivity@84ffa37
12-28 16:38:42.452 21758 21758 D ForceDarkHelper: updateByCheckExcludeList: pkg: com.android.todolist activity: com.android.todolist.MainActivity@84ffa37
12-28 16:38:42.460 21758 21758 D ForceDarkHelper: updateByCheckExcludeList: pkg: com.android.todolist activity: com.android.todolist.MainActivity@84ffa37
12-28 16:38:42.468 21758 21758 D ForceDarkHelper: updateByCheckExcludeList: pkg: com.android.todolist activity: com.android.todolist.MainActivity@84ffa37
12-28 16:38:42.470 21758 21758 D ForceDarkHelper: updateByCheckExcludeList: pkg: com.android.todolist activity: com.android.todolist.MainActivity@84ffa37
12-28 16:38:42.475 21758 21758 D ForceDarkHelper: updateByCheckExcludeList: pkg: com.android.todolist activity: com.android.todolist.MainActivity@84ffa37
12-28 16:38:42.526  3724  3724 D RecentsImpl: mActivityStateObserver com.android.todolist.MainActivity
12-28 16:38:42.526  3724  3724 W RecentsImpl: onResumed className=com.android.todolist.MainActivity   mIsInAnotherPro=false
12-28 16:38:42.527 21758 21758 W Looper  : Slow Looper main: Activity com.android.todolist/.MainActivity is 382ms late (wall=1ms running=0ms ClientTransaction{ callbacks=[android.app.servertransaction.TopResumedActivityChangeItem] }) because of 2 msg, msg 1 took 219ms (seq=2 running=200ms runnable=1ms io=3ms late=1ms h=android.app.ActivityThread$H w=110), msg 2 took 240ms (seq=3 running=210ms runnable=3ms io=6ms late=143ms h=android.app.ActivityThread$H w=159)
12-28 16:38:42.563 21758 21758 D ForceDarkHelper: updateByCheckExcludeList: pkg: com.android.todolist activity: com.android.todolist.MainActivity@84ffa37
12-28 16:38:42.566 21758 21758 D ForceDarkHelper: updateByCheckExcludeList: pkg: com.android.todolist activity: com.android.todolist.MainActivity@84ffa37
12-28 16:38:42.569 21758 21758 I chatty  : uid=10374(com.android.todolist) identical 5 lines
12-28 16:38:42.574 21758 21758 D ForceDarkHelper: updateByCheckExcludeList: pkg: com.android.todolist activity: com.android.todolist.MainActivity@84ffa37
12-28 16:38:42.576 21758 21758 D ForceDarkHelper: updateByCheckExcludeList: pkg: com.android.todolist activity: com.android.todolist.MainActivity@84ffa37
12-28 16:38:42.578 21758 21758 D ForceDarkHelper: updateByCheckExcludeList: pkg: com.android.todolist activity: com.android.todolist.MainActivity@84ffa37
12-28 16:38:42.581 21758 21758 D ForceDarkHelper: updateByCheckExcludeList: pkg: com.android.todolist activity: com.android.todolist.MainActivity@84ffa37
12-28 16:38:42.585 21758 21758 D ForceDarkHelper: updateByCheckExcludeList: pkg: com.android.todolist activity: com.android.todolist.MainActivity@84ffa37
12-28 16:38:42.587 21758 21758 D ForceDarkHelper: updateByCheckExcludeList: pkg: com.android.todolist activity: com.android.todolist.MainActivity@84ffa37
12-28 16:38:42.590 21758 21758 D ForceDarkHelper: updateByCheckExcludeList: pkg: com.android.todolist activity: com.android.todolist.MainActivity@84ffa37
12-28 16:38:42.595 21758 21758 D ForceDarkHelper: updateByCheckExcludeList: pkg: com.android.todolist activity: com.android.todolist.MainActivity@84ffa37
12-28 16:38:42.595 21758 21758 D ForceDarkHelper: updateByCheckExcludeList: pkg: com.android.todolist activity: com.android.todolist.MainActivity@84ffa37
12-28 16:38:42.600 21758 21758 D ForceDarkHelper: updateByCheckExcludeList: pkg: com.android.todolist activity: com.android.todolist.MainActivity@84ffa37
12-28 16:38:42.671  1662  1797 I Timeline: Timeline: Activity_windows_visible id: ActivityRecord{efba23d u0 com.android.todolist/.MainActivity t4034} time:6008899
12-28 16:38:42.672  1662  1811 I ActivityTaskManager: Displayed com.android.todolist/.MainActivity: +746ms
12-28 16:38:42.966 21851 21851 D AppActiveReceiver: receive app active broadcast for: com.android.todolist, install from: null
12-28 16:38:45.490 21758 21758 D ForceDarkHelper: updateByCheckExcludeList: pkg: com.android.todolist activity: com.android.todolist.MainActivity@84ffa37
12-28 16:38:45.495 21758 21758 D ForceDarkHelper: updateByCheckExcludeList: pkg: com.android.todolist activity: com.android.todolist.MainActivity@84ffa37
12-28 16:38:46.965 21758 21758 D ForceDarkHelper: updateByCheckExcludeList: pkg: com.android.todolist activity: com.android.todolist.MainActivity@84ffa37
12-28 16:38:47.004  5174  5174 I AndroidIME: AbstractIme.onActivate():86 LatinIme.onActivate() : EditorInfo = inputType=Text imeActionName=DONE dump=[inputType=0x61 imeOptions=0x6 privateImeOptions=null actionLabel=null actionId=0 initialSelStart=0 initialSelEnd=0 initialCapsMode=0x0 hintText=Name list label=null packageName=com.android.todolist fieldId=2131230821 fieldName=null extras=null hintLocales=null contentMimeTypes=null ], IncognitoMode = false, DeviceLocked = false
12-28 16:38:47.099  4078 12252 W okv     : Infinite Data has no result for com.android.todolist [CONTEXT service_id=177 ]
12-28 16:38:47.121  4078  4166 W okv     : Infinite Data has no result for com.android.todolist [CONTEXT service_id=177 ]
12-28 16:38:47.369 21758 21817 W RenderInspector: DequeueBuffer time out on com.android.todolist/com.android.todolist.MainActivity, count=1, avg=17 ms, max=17 ms.
12-28 16:38:47.457 21758 21817 W RenderInspector: DequeueBuffer time out on com.android.todolist/com.android.todolist.MainActivity, count=1, avg=18 ms, max=18 ms.
12-28 16:38:50.976  1662  8510 E InputDispatcher: Window handle Window{8a1588 u0 com.android.todolist/com.android.todolist.MainActivity} has no registered input channel
12-28 16:38:50.985 21758 21758 D ForceDarkHelper: updateByCheckExcludeList: pkg: com.android.todolist activity: com.android.todolist.MainActivity@84ffa37
12-28 16:38:50.987 21758 21758 I chatty  : uid=10374(com.android.todolist) identical 1 line
12-28 16:38:50.990 21758 21758 D ForceDarkHelper: updateByCheckExcludeList: pkg: com.android.todolist activity: com.android.todolist.MainActivity@84ffa37
12-28 16:38:50.993  1662  6785 E InputDispatcher: Window handle Window{8a1588 u0 com.android.todolist/com.android.todolist.MainActivity} has no registered input channel
12-28 16:38:51.100  1662  7045 I PackageManager.DexOptimizer: Running dexopt (dexoptNeeded=1) on: /data/app/com.android.todolist-ZUQvgR4WXvwdKQ5fLHMQRw==/base.apk pkg=com.android.todolist isa=arm64 dexoptFlags=boot_complete,debuggable,public,enable_hidden_api_checks targetFilter=quicken oatDir=/data/app/com.android.todolist-ZUQvgR4WXvwdKQ5fLHMQRw==/oat classLoaderContext=PCL[]
12-28 16:38:51.105  1091  2202 V installd: DexInv: --- BEGIN '/data/app/com.android.todolist-ZUQvgR4WXvwdKQ5fLHMQRw==/base.apk' ---
12-28 16:38:51.231 22096 22096 I dex2oat : /apex/com.android.runtime/bin/dex2oat --input-vdex-fd=-1 --output-vdex-fd=11 --call-from-installd=1 --resolve-startup-const-strings=true --max-image-block-size=524288 --compiler-filter=quicken -j6 --debuggable --classpath-dir=/data/app/com.android.todolist-ZUQvgR4WXvwdKQ5fLHMQRw== --class-loader-context=PCL[] --generate-mini-debug-info --compilation-reason=unknown
12-28 16:38:52.458  1091  2202 V installd: DexInv: --- END '/data/app/com.android.todolist-ZUQvgR4WXvwdKQ5fLHMQRw==/base.apk' (success) ---
12-28 16:38:52.459  1662  7045 I PackageManagerServiceInjector: FirstUseActivity Pinning optimized code com.android.todolist
12-28 16:38:56.484 21758 21758 D ForceDarkHelper: updateByCheckExcludeList: pkg: com.android.todolist activity: com.android.todolist.MainActivity@84ffa37
12-28 16:38:56.487 21758 21758 I chatty  : uid=10374(com.android.todolist) identical 1 line
12-28 16:38:56.494 21758 21758 D ForceDarkHelper: updateByCheckExcludeList: pkg: com.android.todolist activity: com.android.todolist.MainActivity@84ffa37
12-28 16:38:58.544 21758 21758 D ForceDarkHelper: updateByCheckExcludeList: pkg: com.android.todolist activity: com.android.todolist.MainActivity@84ffa37
12-28 16:38:58.546 21758 21758 I chatty  : uid=10374(com.android.todolist) identical 1 line
12-28 16:38:58.553 21758 21758 D ForceDarkHelper: updateByCheckExcludeList: pkg: com.android.todolist activity: com.android.todolist.MainActivity@84ffa37
12-28 16:40:21.990  3724  4171 W RecentsModel: getRunningTask   taskInfo=TaskInfo{userId=0 stackId=29 taskId=4034 displayId=0 isRunning=true baseIntent=Intent { act=android.intent.action.MAIN cat=[android.intent.category.LAUNCHER] flg=0x10200000 cmp=com.android.todolist/.MainActivity (has extras) } baseActivity=ComponentInfo{com.android.todolist/com.android.todolist.MainActivity} topActivity=ComponentInfo{com.android.todolist/com.android.todolist.MainActivity} origActivity=null realActivity=ComponentInfo{com.android.todolist/com.android.todolist.MainActivity} numActivities=1 lastActiveTime=16838728 supportsSplitScreenMultiWindow=true resizeMode=1
12-28 16:40:21.990  3724  4171 W RecentsModel: getTaskInfoIgnoreHomeAndFreeform   taskInfo=ComponentInfo{com.android.todolist/com.android.todolist.MainActivity}
12-28 16:40:21.999  3724  3724 E ActivityManagerWrapper: getRecentTasks: taskId=4034   userId=0   baseIntent=Intent { act=android.intent.action.MAIN cat=[android.intent.category.LAUNCHER] flg=0x10200000 cmp=com.android.todolist/.MainActivity (has extras) }
12-28 16:40:22.008  3724  3724 D TaskView: TaskView bind task, task=[id=4034 stackId=29 windowingMode=1 user=0 lastActiveTime=16838728, component=ComponentInfo{com.android.todolist/com.android.todolist.MainActivity}] To Do List, isLock=false
12-28 16:40:22.010  3724  3724 D TaskView: TaskView bind task, task=[id=4034 stackId=29 windowingMode=1 user=0 lastActiveTime=16838728, component=ComponentInfo{com.android.todolist/com.android.todolist.MainActivity}] To Do List, isLock=false
12-28 16:40:22.013  3724  3724 E ActivityManagerWrapper: getRecentTasks: taskId=4034   userId=0   baseIntent=Intent { act=android.intent.action.MAIN cat=[android.intent.category.LAUNCHER] flg=0x10200000 cmp=com.android.todolist/.MainActivity (has extras) }
12-28 16:40:22.015  3724  3724 D TaskView: TaskView bind task, task=[id=4034 stackId=29 windowingMode=1 user=0 lastActiveTime=16838728, component=ComponentInfo{com.android.todolist/com.android.todolist.MainActivity}] To Do List, isLock=false
12-28 16:40:22.064  6060  7707 I ProcessMonitor: onForegroundInfoChanged: ForegroundInfo{mForegroundPackageName='com.miui.home', mForegroundUid=10035, mForegroundPid=3724, mLastForegroundPackageName='com.android.todolist', mLastForegroundUid=10374, mLastForegroundPid=21758, mMultiWindowForegroundPackageName='null', mMultiWindowForegroundUid=-1, mFlags=0}
12-28 16:40:22.064  6060  7707 I GameBoosterService: onForegroundInfoChanged: Cur=com.miui.home	 last=com.android.todolist
12-28 16:40:22.064 13197 13241 I GST     : forePkg: com.miui.home, preForePkg: com.android.todolist
12-28 16:40:22.065  6060  7707 D GameBoosterService: onGameStatusChange foreground:ForegroundInfo{mForegroundPackageName='com.miui.home', mForegroundUid=10035, mForegroundPid=3724, mLastForegroundPackageName='com.android.todolist', mLastForegroundUid=10374, mLastForegroundPid=21758, mMultiWindowForegroundPackageName='null', mMultiWindowForegroundUid=-1, mFlags=0}
12-28 16:40:22.090  3724  3724 E ActivityManagerWrapper: getRecentTasks: taskId=4034   userId=0   baseIntent=Intent { act=android.intent.action.MAIN cat=[android.intent.category.LAUNCHER] flg=0x10200000 cmp=com.android.todolist/.MainActivity (has extras) }
12-28 16:40:22.093  3724  3724 D TaskView: TaskView bind task, task=[id=4034 stackId=29 windowingMode=1 user=0 lastActiveTime=16838799, component=ComponentInfo{com.android.todolist/com.android.todolist.MainActivity}] To Do List, isLock=false
12-28 16:40:23.402  6060 22161 I ProcessMonitor: onForegroundInfoChanged: ForegroundInfo{mForegroundPackageName='com.android.todolist', mForegroundUid=10374, mForegroundPid=21758, mLastForegroundPackageName='com.miui.home', mLastForegroundUid=10035, mLastForegroundPid=3724, mMultiWindowForegroundPackageName='null', mMultiWindowForegroundUid=-1, mFlags=0}
12-28 16:40:23.403 13197 13241 I GST     : forePkg: com.android.todolist, preForePkg: com.miui.home
12-28 16:40:23.403  6060 22161 I GameBoosterService: onForegroundInfoChanged: Cur=com.android.todolist	 last=com.miui.home
12-28 16:40:23.403 15484 15537 D AutoInstallService: onForegroundInfoChanged: com.android.todolist
12-28 16:40:23.415  6060 22161 D GameBoosterService: onGameStatusChange foreground:ForegroundInfo{mForegroundPackageName='com.android.todolist', mForegroundUid=10374, mForegroundPid=21758, mLastForegroundPackageName='com.miui.home', mLastForegroundUid=10035, mLastForegroundPid=3724, mMultiWindowForegroundPackageName='null', mMultiWindowForegroundUid=-1, mFlags=0}
12-28 16:40:23.436  3724  3724 D RecentsImpl: mActivityStateObserver com.android.todolist.MainActivity
12-28 16:40:23.436  3724  3724 W RecentsImpl: onResumed className=com.android.todolist.MainActivity   mIsInAnotherPro=false
12-28 16:40:23.928  1662  8344 I Timeline: Timeline: Activity_windows_visible id: ActivityRecord{efba23d u0 com.android.todolist/.MainActivity t4034} time:6110156
12-28 16:40:24.445  6060 22161 I ProcessMonitor: onForegroundInfoChanged: ForegroundInfo{mForegroundPackageName='com.miui.home', mForegroundUid=10035, mForegroundPid=3724, mLastForegroundPackageName='com.android.todolist', mLastForegroundUid=10374, mLastForegroundPid=21758, mMultiWindowForegroundPackageName='null', mMultiWindowForegroundUid=-1, mFlags=0}
12-28 16:40:24.445  6060 22161 I GameBoosterService: onForegroundInfoChanged: Cur=com.miui.home	 last=com.android.todolist
12-28 16:40:24.445 13197 13241 I GST     : forePkg: com.miui.home, preForePkg: com.android.todolist
12-28 16:40:24.446  6060 22161 D GameBoosterService: onGameStatusChange foreground:ForegroundInfo{mForegroundPackageName='com.miui.home', mForegroundUid=10035, mForegroundPid=3724, mLastForegroundPackageName='com.android.todolist', mLastForegroundUid=10374, mLastForegroundPid=21758, mMultiWindowForegroundPackageName='null', mMultiWindowForegroundUid=-1, mFlags=0}
12-28 16:40:24.992   902   902 E Layer   : [Surface(name=AppWindowToken{d445383 token=Token{4c0da32 ActivityRecord{efba23d u0 com.android.todolist/.MainActivity t4034}}})/@0xacf0278 - animation-leash#0] No local sync point found
12-28 16:40:26.862  3724  3757 W RecentsModel: getRunningTask   taskInfo=TaskInfo{userId=0 stackId=29 taskId=4034 displayId=0 isRunning=true baseIntent=Intent { act=android.intent.action.MAIN cat=[android.intent.category.LAUNCHER] flg=0x10200000 cmp=com.android.todolist/.MainActivity (has extras) } baseActivity=ComponentInfo{com.android.todolist/com.android.todolist.MainActivity} topActivity=ComponentInfo{com.android.todolist/com.android.todolist.MainActivity} origActivity=null realActivity=ComponentInfo{com.android.todolist/com.android.todolist.MainActivity} numActivities=1 lastActiveTime=16841180 supportsSplitScreenMultiWindow=true resizeMode=1
12-28 16:40:26.862  3724  3757 W RecentsModel: getTaskInfoIgnoreHomeAndFreeform   taskInfo=ComponentInfo{com.android.todolist/com.android.todolist.MainActivity}
12-28 16:40:26.905  3724  3724 E ActivityManagerWrapper: getRecentTasks: taskId=4034   userId=0   baseIntent=Intent { act=android.intent.action.MAIN cat=[android.intent.category.LAUNCHER] flg=0x10200000 cmp=com.android.todolist/.MainActivity (has extras) }
12-28 16:40:26.907  3724  3724 D TaskView: TaskView bind task, task=[id=4034 stackId=29 windowingMode=1 user=0 lastActiveTime=16841180, component=ComponentInfo{com.android.todolist/com.android.todolist.MainActivity}] To Do List, isLock=false
12-28 16:40:26.909  3724  3724 D TaskView: TaskView bind task, task=[id=4034 stackId=29 windowingMode=1 user=0 lastActiveTime=16841180, component=ComponentInfo{com.android.todolist/com.android.todolist.MainActivity}] To Do List, isLock=false
12-28 16:40:27.814  3724  3724 D RecentsContainer: removeTask: [id=4034 stackId=29 windowingMode=1 user=0 lastActiveTime=16841180, component=ComponentInfo{com.android.todolist/com.android.todolist.MainActivity}] To Do List
12-28 16:40:27.825  1662  8478 D WindowProcessUtils: remove task: TaskRecord{dea2221 #4034 A=com.android.todolist U=0 StackId=29 sz=1}
12-28 16:40:27.826  1662  8478 I ProcessManager: SwipeUpClean: kill com.android.todolist Adj=700 State=16
12-28 16:40:27.835  1662  8478 I ActivityManager: Killing 21758:com.android.todolist/u0a374 (adj 905): SwipeUpClean
12-28 16:40:28.651  3724  3724 D Launcher.CellLayout: touch item:ShortcutInfo, id=285, itemType=0, user=UserHandle{0}, mIconType=0, pkgName=com.android.todolist, className=com.android.todolist.MainActivity, screenId=3, container=-100, cellX=3, cellY=4, spanX=1, spanY=1, isLandscapePos=false
12-28 16:40:28.738  1662  5347 I ActivityTaskManager: START u0 {act=android.intent.action.MAIN cat=[android.intent.category.LAUNCHER] flg=0x10200000 cmp=com.android.todolist/.MainActivity bnds=[841,1211][1009,1379] (has extras)} from uid 10035
12-28 16:40:28.803   673   673 D OemNetd : setPidForPackage: packageName=com.android.todolist, pid=22313, pid=10374
12-28 16:40:28.803  1662  1813 I ActivityManager: Start proc 22313:com.android.todolist/u0a374 for activity {com.android.todolist/com.android.todolist.MainActivity} caller=com.miui.home
12-28 16:40:28.811  3424  3424 I ActivityObserver: filling one resumed activity ComponentInfo{com.android.todolist/com.android.todolist.MainActivity}
12-28 16:40:28.832 15484 15537 D AutoInstallService: onForegroundInfoChanged: com.android.todolist
12-28 16:40:28.833  6060 23220 I ProcessMonitor: onForegroundInfoChanged: ForegroundInfo{mForegroundPackageName='com.android.todolist', mForegroundUid=10374, mForegroundPid=22313, mLastForegroundPackageName='com.miui.home', mLastForegroundUid=10035, mLastForegroundPid=3724, mMultiWindowForegroundPackageName='null', mMultiWindowForegroundUid=-1, mFlags=1}
12-28 16:40:28.833 13197 13241 I GST     : forePkg: com.android.todolist, preForePkg: com.miui.home
12-28 16:40:28.833  6060 23220 I GameBoosterService: onForegroundInfoChanged: Cur=com.android.todolist	 last=com.miui.home
