12-28 16:40:28.840  6060 23220 D GameBoosterService: onGameStatusChange foreground:ForegroundInfo{mForegroundPackageName='com.android.todolist', mForegroundUid=10374, mForegroundPid=22313, mLastForegroundPackageName='com.miui.home', mLastForegroundUid=10035, mLastForegroundPid=3724, mMultiWindowForegroundPackageName='null', mMultiWindowForegroundUid=-1, mFlags=1}
12-28 16:40:28.948 22313 22334 E Perf    : Fail to get file list com.android.todolist
12-28 16:40:28.948 22313 22334 E Perf    : Fail to get file list com.android.todolist
12-28 16:40:28.978 22313 22313 D ForceDarkHelper: updateByCheckExcludeList: pkg: com.android.todolist activity: com.android.todolist.MainActivity@84ffa37
12-28 16:40:28.983 22313 22313 I chatty  : uid=10374(com.android.todolist) identical 3 lines
12-28 16:40:28.984 22313 22313 D ForceDarkHelper: updateByCheckExcludeList: pkg: com.android.todolist activity: com.android.todolist.MainActivity@84ffa37
12-28 16:40:28.988 22313 22313 D ForceDarkHelper: updateByCheckExcludeList: pkg: com.android.todolist activity: com.android.todolist.MainActivity@84ffa37
12-28 16:40:28.991 22313 22313 D ForceDarkHelper: updateByCheckExcludeList: pkg: com.android.todolist activity: com.android.todolist.MainActivity@84ffa37
12-28 16:40:29.001 22313 22313 I chatty  : uid=10374(com.android.todolist) identical 3 lines
12-28 16:40:29.006 22313 22313 D ForceDarkHelper: updateByCheckExcludeList: pkg: com.android.todolist activity: com.android.todolist.MainActivity@84ffa37
12-28 16:40:29.015 22313 22313 D ForceDarkHelper: updateByCheckExcludeList: pkg: com.android.todolist activity: com.android.todolist.MainActivity@84ffa37
12-28 16:40:29.017 22313 22313 I chatty  : uid=10374(com.android.todolist) identical 1 line
12-28 16:40:29.020 22313 22313 D ForceDarkHelper: updateByCheckExcludeList: pkg: com.android.todolist activity: com.android.todolist.MainActivity@84ffa37
12-28 16:40:29.025 22313 22313 D ForceDarkHelper: updateByCheckExcludeList: pkg: com.android.todolist activity: com.android.todolist.MainActivity@84ffa37
12-28 16:40:29.026 22313 22313 I chatty  : uid=10374(com.android.todolist) identical 1 line
12-28 16:40:29.029 22313 22313 D ForceDarkHelper: updateByCheckExcludeList: pkg: com.android.todolist activity: com.android.todolist.MainActivity@84ffa37
12-28 16:40:29.062  3724  3724 D RecentsImpl: mActivityStateObserver com.android.todolist.MainActivity
12-28 16:40:29.062  3724  3724 W RecentsImpl: onResumed className=com.android.todolist.MainActivity   mIsInAnotherPro=false
12-28 16:40:29.082 22313 22313 D ForceDarkHelper: updateByCheckExcludeList: pkg: com.android.todolist activity: com.android.todolist.MainActivity@84ffa37
12-28 16:40:29.083 22313 22313 I chatty  : uid=10374(com.android.todolist) identical 1 line
12-28 16:40:29.085 22313 22313 D ForceDarkHelper: updateByCheckExcludeList: pkg: com.android.todolist activity: com.android.todolist.MainActivity@84ffa37
12-28 16:40:29.108 22313 22313 D ForceDarkHelper: updateByCheckExcludeList: pkg: com.android.todolist activity: com.android.todolist.MainActivity@84ffa37
12-28 16:40:29.119 22313 22313 I chatty  : uid=10374(com.android.todolist) identical 4 lines
12-28 16:40:29.120 22313 22313 D ForceDarkHelper: updateByCheckExcludeList: pkg: com.android.todolist activity: com.android.todolist.MainActivity@84ffa37
12-28 16:40:29.123 22313 22313 D ForceDarkHelper: updateByCheckExcludeList: pkg: com.android.todolist activity: com.android.todolist.MainActivity@84ffa37
12-28 16:40:29.124 22313 22313 D ForceDarkHelper: updateByCheckExcludeList: pkg: com.android.todolist activity: com.android.todolist.MainActivity@84ffa37
12-28 16:40:29.137 22313 22313 I chatty  : uid=10374(com.android.todolist) identical 8 lines
12-28 16:40:29.139 22313 22313 D ForceDarkHelper: updateByCheckExcludeList: pkg: com.android.todolist activity: com.android.todolist.MainActivity@84ffa37
12-28 16:40:29.162  1662  1811 I ActivityTaskManager: Displayed com.android.todolist/.MainActivity: +423ms
12-28 16:40:29.373  1662  5325 I Timeline: Timeline: Activity_windows_visible id: ActivityRecord{95cf943 u0 com.android.todolist/.MainActivity t4035} time:6115601
12-28 16:40:31.971 22313 22313 D ForceDarkHelper: updateByCheckExcludeList: pkg: com.android.todolist activity: com.android.todolist.MainActivity@84ffa37
12-28 16:40:31.973 22313 22313 D ForceDarkHelper: updateByCheckExcludeList: pkg: com.android.todolist activity: com.android.todolist.MainActivity@84ffa37
12-28 16:40:32.916 22313 22313 D ForceDarkHelper: updateByCheckExcludeList: pkg: com.android.todolist activity: com.android.todolist.MainActivity@84ffa37
12-28 16:40:32.940  5174  5174 I AndroidIME: AbstractIme.onActivate():86 LatinIme.onActivate() : EditorInfo = inputType=Text imeActionName=DONE dump=[inputType=0x61 imeOptions=0x6 privateImeOptions=null actionLabel=null actionId=0 initialSelStart=0 initialSelEnd=0 initialCapsMode=0x0 hintText=Name list label=null packageName=com.android.todolist fieldId=2131230821 fieldName=null extras=null hintLocales=null contentMimeTypes=null ], IncognitoMode = false, DeviceLocked = false
12-28 16:40:33.022  4078  4155 W okv     : Infinite Data has no result for com.android.todolist [CONTEXT service_id=177 ]
12-28 16:40:33.028  4078  4166 W okv     : Infinite Data has no result for com.android.todolist [CONTEXT service_id=177 ]
12-28 16:40:34.792  1662  8344 E InputDispatcher: Window handle Window{d922880 u0 com.android.todolist/com.android.todolist.MainActivity} has no registered input channel
12-28 16:40:34.799 22313 22313 D ForceDarkHelper: updateByCheckExcludeList: pkg: com.android.todolist activity: com.android.todolist.MainActivity@84ffa37
12-28 16:40:34.801 22313 22313 I chatty  : uid=10374(com.android.todolist) identical 1 line
12-28 16:40:34.808 22313 22313 D ForceDarkHelper: updateByCheckExcludeList: pkg: com.android.todolist activity: com.android.todolist.MainActivity@84ffa37
12-28 16:40:54.107 22313 22313 D ForceDarkHelper: updateByCheckExcludeList: pkg: com.android.todolist activity: com.android.todolist.MainActivity@84ffa37
12-28 16:40:54.111 22313 22313 D ForceDarkHelper: updateByCheckExcludeList: pkg: com.android.todolist activity: com.android.todolist.MainActivity@84ffa37
12-28 16:40:54.117 22313 22313 D ForceDarkHelper: updateByCheckExcludeList: pkg: com.android.todolist activity: com.android.todolist.MainActivity@84ffa37
12-28 16:40:54.128 22313 22313 D ForceDarkHelper: updateByCheckExcludeList: pkg: com.android.todolist activity: com.android.todolist.MainActivity@84ffa37
12-28 16:40:54.130 22313 22313 I chatty  : uid=10374(com.android.todolist) identical 1 line
12-28 16:40:54.135 22313 22313 D ForceDarkHelper: updateByCheckExcludeList: pkg: com.android.todolist activity: com.android.todolist.MainActivity@84ffa37
12-28 16:40:54.848 22313 22313 D ForceDarkHelper: updateByCheckExcludeList: pkg: com.android.todolist activity: com.android.todolist.MainActivity@84ffa37
12-28 16:40:54.851 22313 22313 D ForceDarkHelper: updateByCheckExcludeList: pkg: com.android.todolist activity: com.android.todolist.MainActivity@84ffa37
12-28 16:40:55.721 22313 22313 D ForceDarkHelper: updateByCheckExcludeList: pkg: com.android.todolist activity: com.android.todolist.MainActivity@84ffa37
12-28 16:40:55.796  5174  5174 I AndroidIME: AbstractIme.onActivate():86 LatinIme.onActivate() : EditorInfo = inputType=Text imeActionName=DONE dump=[inputType=0x61 imeOptions=0x6 privateImeOptions=null actionLabel=null actionId=0 initialSelStart=0 initialSelEnd=0 initialCapsMode=0x0 hintText=Name list label=null packageName=com.android.todolist fieldId=2131230821 fieldName=null extras=null hintLocales=null contentMimeTypes=null ], IncognitoMode = false, DeviceLocked = false
12-28 16:40:55.834  4078  4155 W okv     : Infinite Data has no result for com.android.todolist [CONTEXT service_id=177 ]
12-28 16:40:55.847  4078 22068 W okv     : Infinite Data has no result for com.android.todolist [CONTEXT service_id=177 ]
12-28 16:40:57.627  1662  4213 E InputDispatcher: Window handle Window{27d0e88 u0 com.android.todolist/com.android.todolist.MainActivity} has no registered input channel
12-28 16:40:57.631 22313 22313 D ForceDarkHelper: updateByCheckExcludeList: pkg: com.android.todolist activity: com.android.todolist.MainActivity@84ffa37
12-28 16:40:57.633 22313 22313 D ForceDarkHelper: updateByCheckExcludeList: pkg: com.android.todolist activity: com.android.todolist.MainActivity@84ffa37
12-28 16:40:57.637 22313 22313 D ForceDarkHelper: updateByCheckExcludeList: pkg: com.android.todolist activity: com.android.todolist.MainActivity@84ffa37
12-28 16:40:58.696 22313 22313 D ForceDarkHelper: updateByCheckExcludeList: pkg: com.android.todolist activity: com.android.todolist.MainActivity@84ffa37
12-28 16:40:58.721  1662  4213 I ActivityTaskManager: START u0 {cmp=com.android.todolist/.ListActivity (has extras)} from uid 10374
12-28 16:40:58.704 22313 22313 D ForceDarkHelper: updateByCheckExcludeList: pkg: com.android.todolist activity: com.android.todolist.MainActivity@84ffa37
12-28 16:40:58.737 22313 22313 I Toast   : Show toast from OpPackageName:com.android.todolist, PackageName:com.android.todolist
12-28 16:40:58.739  1662  8478 I ActivityTaskManager: The Process com.android.todolist Already Exists in BG. So sending its PID: 22313
12-28 16:40:58.776 22313 22313 D ForceDarkHelper: updateByCheckExcludeList: pkg: com.android.todolist activity: com.android.todolist.ListActivity@18c3533
12-28 16:40:58.777 22313 22313 D ForceDarkHelper: updateByCheckExcludeList: pkg: com.android.todolist activity: com.android.todolist.ListActivity@18c3533
12-28 16:40:58.794  3424  3424 I ActivityObserver: filling one resumed activity ComponentInfo{com.android.todolist/com.android.todolist.ListActivity}
12-28 16:40:58.796 22313 22313 D ForceDarkHelper: updateByCheckExcludeList: pkg: com.android.todolist activity: com.android.todolist.ListActivity@18c3533
12-28 16:40:58.797 22313 22313 I chatty  : uid=10374(com.android.todolist) identical 2 lines
12-28 16:40:58.798 22313 22313 D ForceDarkHelper: updateByCheckExcludeList: pkg: com.android.todolist activity: com.android.todolist.ListActivity@18c3533
12-28 16:40:58.807 22313 22313 D ForceDarkHelper: updateByCheckExcludeList: pkg: com.android.todolist activity: com.android.todolist.ListActivity@18c3533
12-28 16:40:58.809 22313 22313 I chatty  : uid=10374(com.android.todolist) identical 1 line
12-28 16:40:58.811 22313 22313 D ForceDarkHelper: updateByCheckExcludeList: pkg: com.android.todolist activity: com.android.todolist.ListActivity@18c3533
12-28 16:40:58.832  3724  3724 D RecentsImpl: mActivityStateObserver com.android.todolist.ListActivity
12-28 16:40:58.832  3724  3724 W RecentsImpl: onResumed className=com.android.todolist.ListActivity   mIsInAnotherPro=false
12-28 16:40:58.867  1662  1811 I ActivityTaskManager: Displayed com.android.todolist/.ListActivity: +142ms
12-28 16:40:59.352  1662  1797 I Timeline: Timeline: Activity_windows_visible id: ActivityRecord{cde4865 u0 com.android.todolist/.ListActivity t4035} time:6145580
12-28 16:41:00.143  5174  5174 I AndroidIME: AbstractIme.onActivate():86 LatinIme.onActivate() : EditorInfo = inputType=Text imeActionName=DONE dump=[inputType=0x61 imeOptions=0x6 privateImeOptions=null actionLabel=null actionId=0 initialSelStart=0 initialSelEnd=0 initialCapsMode=0x0 hintText=New task label=null packageName=com.android.todolist fieldId=2131230877 fieldName=null extras=null hintLocales=null contentMimeTypes=null ], IncognitoMode = false, DeviceLocked = false
12-28 16:41:00.163  4078 22604 W okv     : Infinite Data has no result for com.android.todolist [CONTEXT service_id=177 ]
12-28 16:41:00.163  4078 22068 W okv     : Infinite Data has no result for com.android.todolist [CONTEXT service_id=177 ]
12-28 16:41:00.174  4078 12252 W okv     : Infinite Data has no result for com.android.todolist [CONTEXT service_id=177 ]
12-28 16:41:00.185  4078 12252 W okv     : Infinite Data has no result for com.android.todolist [CONTEXT service_id=177 ]
12-28 16:41:00.731  1662  8478 W NotificationService: Toast already killed. pkg=com.android.todolist callback=android.app.ITransientNotification$Stub$Proxy@5cc1e95
12-28 16:41:02.021 22313 22313 D ForceDarkHelper: updateByCheckExcludeList: pkg: com.android.todolist activity: com.android.todolist.ListActivity@18c3533
12-28 16:41:02.023 22313 22313 I chatty  : uid=10374(com.android.todolist) identical 1 line
12-28 16:41:02.027 22313 22313 D ForceDarkHelper: updateByCheckExcludeList: pkg: com.android.todolist activity: com.android.todolist.ListActivity@18c3533
12-28 16:41:02.742  5174  5174 I AndroidIME: AbstractIme.onActivate():86 LatinIme.onActivate() : EditorInfo = inputType=Text imeActionName=NEXT dump=[inputType=0x61 imeOptions=0x8000005 privateImeOptions=null actionLabel=null actionId=0 initialSelStart=3 initialSelEnd=3 initialCapsMode=0x0 hintText=New task label=null packageName=com.android.todolist fieldId=2131230877 fieldName=null extras=null hintLocales=null contentMimeTypes=null ], IncognitoMode = false, DeviceLocked = false
12-28 16:41:04.568 22313 22313 D ForceDarkHelper: updateByCheckExcludeList: pkg: com.android.todolist activity: com.android.todolist.ListActivity@18c3533
12-28 16:41:04.570 22313 22313 I chatty  : uid=10374(com.android.todolist) identical 1 line
12-28 16:41:04.573 22313 22313 D ForceDarkHelper: updateByCheckExcludeList: pkg: com.android.todolist activity: com.android.todolist.ListActivity@18c3533
12-28 16:41:05.228  5174  5174 I AndroidIME: AbstractIme.onActivate():86 LatinIme.onActivate() : EditorInfo = inputType=Text imeActionName=NEXT dump=[inputType=0x61 imeOptions=0x8000005 privateImeOptions=null actionLabel=null actionId=0 initialSelStart=3 initialSelEnd=3 initialCapsMode=0x0 hintText=New task label=null packageName=com.android.todolist fieldId=2131230877 fieldName=null extras=null hintLocales=null contentMimeTypes=null ], IncognitoMode = false, DeviceLocked = false
12-28 16:41:06.856 22313 22313 D ForceDarkHelper: updateByCheckExcludeList: pkg: com.android.todolist activity: com.android.todolist.ListActivity@18c3533
12-28 16:41:06.857 22313 22313 D ForceDarkHelper: updateByCheckExcludeList: pkg: com.android.todolist activity: com.android.todolist.ListActivity@18c3533
12-28 16:41:06.862 22313 22313 D ForceDarkHelper: updateByCheckExcludeList: pkg: com.android.todolist activity: com.android.todolist.ListActivity@18c3533
12-28 16:41:09.877 22313 22313 D ForceDarkHelper: updateByCheckExcludeList: pkg: com.android.todolist activity: com.android.todolist.ListActivity@18c3533
12-28 16:41:09.887 22313 22313 I chatty  : uid=10374(com.android.todolist) identical 4 lines
12-28 16:41:09.889 22313 22313 D ForceDarkHelper: updateByCheckExcludeList: pkg: com.android.todolist activity: com.android.todolist.ListActivity@18c3533
12-28 16:41:09.893 22313 22313 D ForceDarkHelper: updateByCheckExcludeList: pkg: com.android.todolist activity: com.android.todolist.ListActivity@18c3533
12-28 16:41:09.894 22313 22313 I chatty  : uid=10374(com.android.todolist) identical 1 line
12-28 16:41:09.896 22313 22313 D ForceDarkHelper: updateByCheckExcludeList: pkg: com.android.todolist activity: com.android.todolist.ListActivity@18c3533
12-28 16:41:12.387 22313 22313 D ForceDarkHelper: updateByCheckExcludeList: pkg: com.android.todolist activity: com.android.todolist.ListActivity@18c3533
12-28 16:41:12.389 22313 22313 I chatty  : uid=10374(com.android.todolist) identical 1 line
12-28 16:41:12.393 22313 22313 D ForceDarkHelper: updateByCheckExcludeList: pkg: com.android.todolist activity: com.android.todolist.ListActivity@18c3533
12-28 16:41:12.399 22313 22313 D ForceDarkHelper: updateByCheckExcludeList: pkg: com.android.todolist activity: com.android.todolist.ListActivity@18c3533
12-28 16:41:12.413 22313 22313 I chatty  : uid=10374(com.android.todolist) identical 4 lines
12-28 16:41:12.415 22313 22313 D ForceDarkHelper: updateByCheckExcludeList: pkg: com.android.todolist activity: com.android.todolist.ListActivity@18c3533
12-28 16:41:14.034 22313 22313 D ForceDarkHelper: updateByCheckExcludeList: pkg: com.android.todolist activity: com.android.todolist.ListActivity@18c3533
12-28 16:41:14.034 22313 22313 D ForceDarkHelper: updateByCheckExcludeList: pkg: com.android.todolist activity: com.android.todolist.ListActivity@18c3533
12-28 16:41:14.876 22313 22313 D ForceDarkHelper: updateByCheckExcludeList: pkg: com.android.todolist activity: com.android.todolist.ListActivity@18c3533
12-28 16:41:14.910  5174  5174 I AndroidIME: AbstractIme.onActivate():86 LatinIme.onActivate() : EditorInfo = inputType=Text imeActionName=DONE dump=[inputType=0x61 imeOptions=0x6 privateImeOptions=null actionLabel=null actionId=0 initialSelStart=0 initialSelEnd=0 initialCapsMode=0x0 hintText= label=null packageName=com.android.todolist fieldId=2131230821 fieldName=null extras=null hintLocales=null contentMimeTypes=null ], IncognitoMode = false, DeviceLocked = false
12-28 16:41:14.989  4078  4155 W okv     : Infinite Data has no result for com.android.todolist [CONTEXT service_id=177 ]
12-28 16:41:14.990  4078 22068 W okv     : Infinite Data has no result for com.android.todolist [CONTEXT service_id=177 ]
12-28 16:41:15.019  4078 22772 W okv     : Infinite Data has no result for com.android.todolist [CONTEXT service_id=177 ]
12-28 16:41:15.022  4078 22772 W okv     : Infinite Data has no result for com.android.todolist [CONTEXT service_id=177 ]
12-28 16:41:16.644  1662  8501 E InputDispatcher: Window handle Window{f117470 u0 com.android.todolist/com.android.todolist.ListActivity} has no registered input channel
12-28 16:41:16.647 22313 22313 D ForceDarkHelper: updateByCheckExcludeList: pkg: com.android.todolist activity: com.android.todolist.ListActivity@18c3533
12-28 16:41:16.649 22313 22313 D ForceDarkHelper: updateByCheckExcludeList: pkg: com.android.todolist activity: com.android.todolist.ListActivity@18c3533
12-28 16:41:16.653 22313 22313 D ForceDarkHelper: updateByCheckExcludeList: pkg: com.android.todolist activity: com.android.todolist.ListActivity@18c3533
12-28 16:41:17.777  1662  8501 I ActivityTaskManager: START u0 {cmp=com.android.todolist/.MainActivity} from uid 10374
12-28 16:41:17.794  1662  8501 I ActivityTaskManager: The Process com.android.todolist Already Exists in BG. So sending its PID: 22313
12-28 16:41:17.804 22313 22313 D ForceDarkHelper: updateByCheckExcludeList: pkg: com.android.todolist activity: com.android.todolist.MainActivity@aaf7e72
12-28 16:41:17.812 22313 22313 I chatty  : uid=10374(com.android.todolist) identical 9 lines
12-28 16:41:17.814 22313 22313 D ForceDarkHelper: updateByCheckExcludeList: pkg: com.android.todolist activity: com.android.todolist.MainActivity@aaf7e72
12-28 16:41:17.819 22313 22313 D ForceDarkHelper: updateByCheckExcludeList: pkg: com.android.todolist activity: com.android.todolist.MainActivity@aaf7e72
12-28 16:41:17.824 22313 22313 I chatty  : uid=10374(com.android.todolist) identical 4 lines
12-28 16:41:17.825 22313 22313 D ForceDarkHelper: updateByCheckExcludeList: pkg: com.android.todolist activity: com.android.todolist.MainActivity@aaf7e72
12-28 16:41:17.839  3724  3724 D RecentsImpl: mActivityStateObserver com.android.todolist.MainActivity
12-28 16:41:17.839  3724  3724 W RecentsImpl: onResumed className=com.android.todolist.MainActivity   mIsInAnotherPro=false
12-28 16:41:17.844 22313 22313 D ForceDarkHelper: updateByCheckExcludeList: pkg: com.android.todolist activity: com.android.todolist.MainActivity@aaf7e72
12-28 16:41:17.845 22313 22313 I chatty  : uid=10374(com.android.todolist) identical 1 line
12-28 16:41:17.846 22313 22313 D ForceDarkHelper: updateByCheckExcludeList: pkg: com.android.todolist activity: com.android.todolist.MainActivity@aaf7e72
12-28 16:41:17.850 22313 22313 D ForceDarkHelper: updateByCheckExcludeList: pkg: com.android.todolist activity: com.android.todolist.MainActivity@aaf7e72
12-28 16:41:17.854 22313 22313 I chatty  : uid=10374(com.android.todolist) identical 4 lines
12-28 16:41:17.855 22313 22313 D ForceDarkHelper: updateByCheckExcludeList: pkg: com.android.todolist activity: com.android.todolist.MainActivity@aaf7e72
12-28 16:41:17.868 22313 22313 D ForceDarkHelper: updateByCheckExcludeList: pkg: com.android.todolist activity: com.android.todolist.MainActivity@aaf7e72
12-28 16:41:17.883 22313 22313 I chatty  : uid=10374(com.android.todolist) identical 12 lines
12-28 16:41:17.883 22313 22313 D ForceDarkHelper: updateByCheckExcludeList: pkg: com.android.todolist activity: com.android.todolist.MainActivity@aaf7e72
12-28 16:41:17.884 22313 22313 D ForceDarkHelper: updateByCheckExcludeList: pkg: com.android.todolist activity: com.android.todolist.MainActivity@aaf7e72
12-28 16:41:17.884 22313 22313 I chatty  : uid=10374(com.android.todolist) identical 1 line
12-28 16:41:17.885 22313 22313 D ForceDarkHelper: updateByCheckExcludeList: pkg: com.android.todolist activity: com.android.todolist.MainActivity@aaf7e72
12-28 16:41:17.900  1662  1811 I ActivityTaskManager: Displayed com.android.todolist/.MainActivity: +122ms
12-28 16:41:18.402  1662  1797 I Timeline: Timeline: Activity_windows_visible id: ActivityRecord{6a19ef5 u0 com.android.todolist/.MainActivity t4035} time:6164630
12-28 16:41:19.253  3724  3724 D RecentsImpl: mActivityStateObserver com.android.todolist.MainActivity
12-28 16:41:19.253  3724  3724 W RecentsImpl: onResumed className=com.android.todolist.MainActivity   mIsInAnotherPro=false
12-28 16:41:19.757  1662  1797 I Timeline: Timeline: Activity_windows_visible id: ActivityRecord{95cf943 u0 com.android.todolist/.MainActivity t4035} time:6165985
12-28 16:41:21.121  6060 22161 I ProcessMonitor: onForegroundInfoChanged: ForegroundInfo{mForegroundPackageName='com.miui.home', mForegroundUid=10035, mForegroundPid=3724, mLastForegroundPackageName='com.android.todolist', mLastForegroundUid=10374, mLastForegroundPid=22313, mMultiWindowForegroundPackageName='null', mMultiWindowForegroundUid=-1, mFlags=0}
12-28 16:41:21.121  6060 22161 I GameBoosterService: onForegroundInfoChanged: Cur=com.miui.home	 last=com.android.todolist
12-28 16:41:21.122 13197 13241 I GST     : forePkg: com.miui.home, preForePkg: com.android.todolist
12-28 16:41:21.123  6060 22161 D GameBoosterService: onGameStatusChange foreground:ForegroundInfo{mForegroundPackageName='com.miui.home', mForegroundUid=10035, mForegroundPid=3724, mLastForegroundPackageName='com.android.todolist', mLastForegroundUid=10374, mLastForegroundPid=22313, mMultiWindowForegroundPackageName='null', mMultiWindowForegroundUid=-1, mFlags=0}
12-28 16:41:21.677   902   902 E Layer   : [Surface(name=AppWindowToken{6cbe69f token=Token{284983e ActivityRecord{95cf943 u0 com.android.todolist/.MainActivity t4035}}})/@0xf7494f0 - animation-leash#0] No local sync point found
12-28 16:41:22.291  3724  3724 E ActivityManagerWrapper: getRecentTasks: taskId=4035   userId=0   baseIntent=Intent { act=android.intent.action.MAIN cat=[android.intent.category.LAUNCHER] flg=0x10200000 cmp=com.android.todolist/.MainActivity (has extras) }
12-28 16:41:22.328  3724  3724 D TaskView: TaskView bind task, task=[id=4035 stackId=-1 windowingMode=1 user=0 lastActiveTime=16897835, component=ComponentInfo{com.android.todolist/com.android.todolist.MainActivity}] To Do List, isLock=false
12-28 16:41:22.329  3724  3724 D TaskView: TaskView bind task, task=[id=4035 stackId=-1 windowingMode=1 user=0 lastActiveTime=16897835, component=ComponentInfo{com.android.todolist/com.android.todolist.MainActivity}] To Do List, isLock=false
12-28 16:41:23.006  3724  3724 D RecentsContainer: removeTask: [id=4035 stackId=-1 windowingMode=1 user=0 lastActiveTime=16897835, component=ComponentInfo{com.an